// Jest Snapshot v1, https://goo.gl/fbAQLP

exports[`ArticleComponent test should match snapshot 1`] = `
<div
  className="articleContainer"
>
  <div
    className="articleTitle"
  />
  <div
    className="articleContent"
  />
</div>
`;
